// Jest Snapshot v1, https://goo.gl/fbAQLP

exports[`reference implementation tests eth-hd-keyring BIP44Node derives the same keys as the reference implementation 1`] = `
Array [
  "1c96099350f13d558464ec79b9be4445aa0ef579",
  "1b00aed43a693f3a957f9feb5cc08afa031e37a0",
  "8c9ba4f86ae12250ee1c3676ee925c77426d0b68",
  "ffe45dbc6c1bee8f211da2ec961f73b82e9ab42c",
  "b8a13c465c9a0a46f262a1ad666a752923e65b8c",
]
`;

exports[`reference implementation tests eth-hd-keyring deriveKeyFromPath derives the same keys as the reference implementation 1`] = `
Array [
  "1c96099350f13d558464ec79b9be4445aa0ef579",
  "1b00aed43a693f3a957f9feb5cc08afa031e37a0",
  "8c9ba4f86ae12250ee1c3676ee925c77426d0b68",
  "ffe45dbc6c1bee8f211da2ec961f73b82e9ab42c",
  "b8a13c465c9a0a46f262a1ad666a752923e65b8c",
]
`;

exports[`reference implementation tests ethereumjs-wallet BIP44Node derives the same keys as the reference implementation 1`] = `"c5ba325f997531b5f0f50868913f0ce2fc0386bd"`;

exports[`reference implementation tests ethereumjs-wallet BIP44Node derives the same keys as the reference implementation 2`] = `"326aa42f2b600f624d800e109b1e146906bc8175"`;

exports[`reference implementation tests ethereumjs-wallet BIP44Node derives the same keys as the reference implementation 3`] = `"6d0cc8671c91559d5f2d43de9c33eee0497db7cd"`;

exports[`reference implementation tests ethereumjs-wallet BIP44Node derives the same keys as the reference implementation 4`] = `"7bf971adda7f4487ac8f3dbd7450463ff3624f94"`;

exports[`reference implementation tests ethereumjs-wallet BIP44Node derives the same keys as the reference implementation 5`] = `"564d7507d39a881d04bffc0120ebd331e7c41758"`;

exports[`reference implementation tests ethereumjs-wallet BIP44Node derives the same keys as the reference implementation 6`] = `"7496ff062c1fe3e750dff9cbbe317558161ba6db"`;

exports[`reference implementation tests ethereumjs-wallet BIP44Node derives the same keys as the reference implementation 7`] = `"ddf1f1a72a668d5014ec57a24019291fd2a00197"`;

exports[`reference implementation tests ethereumjs-wallet BIP44Node derives the same keys as the reference implementation 8`] = `"24dd12b9df5375f3b7fc5a539d4ac1bd2c16e9a0"`;

exports[`reference implementation tests ethereumjs-wallet deriveKeyFromPath derives the same keys as the reference implementation 1`] = `"c5ba325f997531b5f0f50868913f0ce2fc0386bd"`;

exports[`reference implementation tests ethereumjs-wallet deriveKeyFromPath derives the same keys as the reference implementation 2`] = `"326aa42f2b600f624d800e109b1e146906bc8175"`;

exports[`reference implementation tests ethereumjs-wallet deriveKeyFromPath derives the same keys as the reference implementation 3`] = `"6d0cc8671c91559d5f2d43de9c33eee0497db7cd"`;

exports[`reference implementation tests ethereumjs-wallet deriveKeyFromPath derives the same keys as the reference implementation 4`] = `"7bf971adda7f4487ac8f3dbd7450463ff3624f94"`;

exports[`reference implementation tests ethereumjs-wallet deriveKeyFromPath derives the same keys as the reference implementation 5`] = `"564d7507d39a881d04bffc0120ebd331e7c41758"`;

exports[`reference implementation tests ethereumjs-wallet deriveKeyFromPath derives the same keys as the reference implementation 6`] = `"7496ff062c1fe3e750dff9cbbe317558161ba6db"`;

exports[`reference implementation tests ethereumjs-wallet deriveKeyFromPath derives the same keys as the reference implementation 7`] = `"ddf1f1a72a668d5014ec57a24019291fd2a00197"`;

exports[`reference implementation tests ethereumjs-wallet deriveKeyFromPath derives the same keys as the reference implementation 8`] = `"24dd12b9df5375f3b7fc5a539d4ac1bd2c16e9a0"`;
