// Jest Snapshot v1, https://goo.gl/fbAQLP

exports[`reference implementation tests eth-hd-keyring BIP44Node derives the same keys as the reference implementation 1`] = `
Array [
  "1c96099350f13d558464ec79b9be4445aa0ef579",
  "1b00aed43a693f3a957f9feb5cc08afa031e37a0",
  "8c9ba4f86ae12250ee1c3676ee925c77426d0b68",
  "ffe45dbc6c1bee8f211da2ec961f73b82e9ab42c",
  "b8a13c465c9a0a46f262a1ad666a752923e65b8c",
]
`;

exports[`reference implementation tests eth-hd-keyring deriveKeyFromPath derives the same keys as the reference implementation 1`] = `
Array [
  "1c96099350f13d558464ec79b9be4445aa0ef579",
  "1b00aed43a693f3a957f9feb5cc08afa031e37a0",
  "8c9ba4f86ae12250ee1c3676ee925c77426d0b68",
  "ffe45dbc6c1bee8f211da2ec961f73b82e9ab42c",
  "b8a13c465c9a0a46f262a1ad666a752923e65b8c",
]
`;

exports[`reference implementation tests ethereumjs-wallet BIP44Node derives the same keys as the reference implementation 1`] = `"ceb27994cefb8c0f6b2b95bac3b92513a8d37fd0"`;

exports[`reference implementation tests ethereumjs-wallet BIP44Node derives the same keys as the reference implementation 2`] = `"1666faf80940cb2314b64a692f6859477373196a"`;

exports[`reference implementation tests ethereumjs-wallet BIP44Node derives the same keys as the reference implementation 3`] = `"71d44202324a1d976ef32007b73b0521d38e8784"`;

exports[`reference implementation tests ethereumjs-wallet BIP44Node derives the same keys as the reference implementation 4`] = `"b7a47b81b8ca04fefc1764fe2138b0ddbba2cf38"`;

exports[`reference implementation tests ethereumjs-wallet BIP44Node derives the same keys as the reference implementation 5`] = `"e5d8e52b3cd36929e7c2435ccb9bf4290baa438e"`;

exports[`reference implementation tests ethereumjs-wallet BIP44Node derives the same keys as the reference implementation 6`] = `"caae5e7f467274cf6c83626d0a7b57836cb2376c"`;

exports[`reference implementation tests ethereumjs-wallet deriveKeyFromPath derives the same keys as the reference implementation 1`] = `"ceb27994cefb8c0f6b2b95bac3b92513a8d37fd0"`;

exports[`reference implementation tests ethereumjs-wallet deriveKeyFromPath derives the same keys as the reference implementation 2`] = `"1666faf80940cb2314b64a692f6859477373196a"`;

exports[`reference implementation tests ethereumjs-wallet deriveKeyFromPath derives the same keys as the reference implementation 3`] = `"71d44202324a1d976ef32007b73b0521d38e8784"`;

exports[`reference implementation tests ethereumjs-wallet deriveKeyFromPath derives the same keys as the reference implementation 4`] = `"b7a47b81b8ca04fefc1764fe2138b0ddbba2cf38"`;

exports[`reference implementation tests ethereumjs-wallet deriveKeyFromPath derives the same keys as the reference implementation 5`] = `"e5d8e52b3cd36929e7c2435ccb9bf4290baa438e"`;

exports[`reference implementation tests ethereumjs-wallet deriveKeyFromPath derives the same keys as the reference implementation 6`] = `"caae5e7f467274cf6c83626d0a7b57836cb2376c"`;
